
> frontend@0.0.0 build
> vite build

[36mvite v8.0.0 [32mbuilding client environment for production...[36m[39m
[2Ktransforming...✓ 1908 modules transformed.
rendering chunks...
computing gzip size...
dist/index.html                                      0.88 kB │ gzip:   0.41 kB
dist/assets/AdminActivityLog-DCvD6ZaI.css            1.07 kB │ gzip:   0.43 kB
dist/assets/ThankYou-IasxjeBV.css                    1.24 kB │ gzip:   0.54 kB
dist/assets/AdminBilling-80qENcEl.css                1.33 kB │ gzip:   0.52 kB
dist/assets/LoginSuccess-cBF1iuDR.css                1.65 kB │ gzip:   0.76 kB
dist/assets/News-N1Vkxs2M.css                        2.23 kB │ gzip:   0.70 kB
dist/assets/SupportWidget-CQPnuZy1.css               2.57 kB │ gzip:   0.79 kB
dist/assets/Checkout-DjOZiI-9.css                    2.82 kB │ gzip:   0.83 kB
dist/assets/AdminProfile-DBPhR9oQ.css                2.85 kB │ gzip:   0.89 kB
dist/assets/Settings-Bz6r5Tn_.css                    3.13 kB │ gzip:   0.94 kB
dist/assets/ForgotPassword-Bjpn9eoI.css              3.52 kB │ gzip:   0.98 kB
dist/assets/OtpVerify-DGZd3xSI.css                   3.64 kB │ gzip:   1.18 kB
dist/assets/Contact-CxNtHs6d.css                     4.27 kB │ gzip:   1.27 kB
dist/assets/Register-BMyT-MvZ.css                    4.35 kB │ gzip:   1.17 kB
dist/assets/Login-B8nzjb5c.css                       4.66 kB │ gzip:   1.20 kB
dist/assets/Passwordpage-BSvz6yCp.css                4.93 kB │ gzip:   1.43 kB
dist/assets/ResetPassword-OeQB2y5_.css               6.00 kB │ gzip:   1.78 kB
dist/assets/Categories-BHPf50ib.css                  6.83 kB │ gzip:   1.71 kB
dist/assets/ChatbotWidget-C5rHFqqR.css               6.94 kB │ gzip:   1.88 kB
dist/assets/WishlistPage-BrggCoSc.css                7.13 kB │ gzip:   1.78 kB
dist/assets/Cart-CnVGFFhV.css                        7.14 kB │ gzip:   1.93 kB
dist/assets/Orderspage-B4dqUAFy.css                  7.39 kB │ gzip:   1.63 kB
dist/assets/Affiliates-B2GDpsF8.css                  7.67 kB │ gzip:   2.20 kB
dist/assets/ReviewManagement-BkBPa8FI.css            8.49 kB │ gzip:   2.02 kB
dist/assets/Brands-CxblnGPh.css                      8.58 kB │ gzip:   2.03 kB
dist/assets/Banners-CTZ0j8uX.css                     9.00 kB │ gzip:   2.22 kB
dist/assets/ProductDetail-BYRgfeLc.css              10.96 kB │ gzip:   2.38 kB
dist/assets/Producpage-YLv-VFYv.css                 11.47 kB │ gzip:   2.62 kB
dist/assets/AffiliateCenter-_HRBYMAA.css            13.63 kB │ gzip:   3.17 kB
dist/assets/Orders-DEVgNgX7.css                     13.82 kB │ gzip:   3.11 kB
dist/assets/News-YzpjyB4y.css                       14.52 kB │ gzip:   3.00 kB
dist/assets/Contact-CVfcPIGz.css                    16.05 kB │ gzip:   3.29 kB
dist/assets/Promotions-D_CZWIvP.css                 17.50 kB │ gzip:   3.44 kB
dist/assets/Users-Tk2DQ5UR.css                      18.29 kB │ gzip:   3.61 kB
dist/assets/ProductVariants-cGnFx33R.css            22.64 kB │ gzip:   4.22 kB
dist/assets/Profile-CQ4QdRIa.css                    25.29 kB │ gzip:   4.65 kB
dist/assets/Products-D1D-CKoG.css                   28.30 kB │ gzip:   5.02 kB
dist/assets/InteractiveLabs-Cnfupz90.css            42.02 kB │ gzip:   8.12 kB
dist/assets/LandingPage-CBsPBMoZ.css                58.22 kB │ gzip:   9.34 kB
dist/assets/index-CyEppdO6.css                      87.90 kB │ gzip:  16.34 kB
dist/assets/elite_laptop_parts-56UVD_Sy.js           0.14 kB │ gzip:   0.11 kB
dist/assets/LoginSuccess-CTnn_uKN.js                 1.06 kB │ gzip:   0.65 kB
dist/assets/AdminActivityLog-UFzGLLcL.js             1.51 kB │ gzip:   0.92 kB
dist/assets/AdminBilling-Bif7xTlQ.js                 1.84 kB │ gzip:   0.99 kB
dist/assets/SupportWidget-B5o85WK_.js                1.89 kB │ gzip:   0.91 kB
dist/assets/ThankYou-CVPpljfD.js                     2.01 kB │ gzip:   1.06 kB
dist/assets/News-CKs5RXvD.js                         3.70 kB │ gzip:   1.55 kB
dist/assets/ForgotPassword-l4_KETlZ.js               3.93 kB │ gzip:   2.01 kB
dist/assets/OtpVerify-diQabrTO.js                    4.35 kB │ gzip:   2.19 kB
dist/assets/Settings-BFP4jKm0.js                     4.54 kB │ gzip:   2.07 kB
dist/assets/AdminProfile-BgB9cDDJ.js                 4.97 kB │ gzip:   2.06 kB
dist/assets/ChatbotWidget-Dv3rs_jI.js                5.43 kB │ gzip:   2.58 kB
dist/assets/Checkout-HY3zkjwC.js                     5.75 kB │ gzip:   2.57 kB
dist/assets/Contact-BkLEhd1V.js                      5.83 kB │ gzip:   2.73 kB
dist/assets/WishlistPage-DbENY8r6.js                 7.19 kB │ gzip:   3.21 kB
dist/assets/Categories-Blq88M0X.js                   7.31 kB │ gzip:   3.01 kB
dist/assets/Passwordpage-CCU02vTp.js                 7.58 kB │ gzip:   2.64 kB
dist/assets/Login-9rBVqSsx.js                        8.02 kB │ gzip:   3.34 kB
dist/assets/Register-DmoqTCLc.js                     8.34 kB │ gzip:   3.20 kB
dist/assets/Brands-CGoHiHCM.js                       8.54 kB │ gzip:   3.47 kB
dist/assets/Orderspage-VGk0vqp9.js                   8.60 kB │ gzip:   3.45 kB
dist/assets/Cart-DDefqH80.js                         8.66 kB │ gzip:   3.60 kB
dist/assets/Affiliates-FoOdPmBX.js                   8.93 kB │ gzip:   3.00 kB
dist/assets/ReviewManagement-Bj1Ydq23.js             9.79 kB │ gzip:   3.84 kB
dist/assets/ResetPassword-CCJh7JAT.js               10.40 kB │ gzip:   3.40 kB
dist/assets/Banners-Bhluh7Lp.js                     11.46 kB │ gzip:   4.21 kB
dist/assets/ProductDetail-CAp1egPr.js               13.00 kB │ gzip:   5.14 kB
dist/assets/Orders-DFAp2e1F.js                      13.31 kB │ gzip:   5.41 kB
dist/assets/runtime-dom.esm-bundler-awEsnYIK.js     15.34 kB │ gzip:   6.48 kB
dist/assets/News-_sHK3rvg.js                        15.55 kB │ gzip:   5.16 kB
dist/assets/Contact-Bbf-nzjZ.js                     18.68 kB │ gzip:   6.59 kB
dist/assets/AffiliateCenter-C6melSJq.js             19.53 kB │ gzip:   6.59 kB
dist/assets/Promotions-AT6KsrfD.js                  19.99 kB │ gzip:   7.00 kB
dist/assets/Users-D1UX90Xd.js                       21.45 kB │ gzip:   7.19 kB
dist/assets/Producpage-Ch0N43Ww.js                  21.54 kB │ gzip:   6.18 kB
dist/assets/vue-router-C_nmSZB3.js                  24.75 kB │ gzip:   9.56 kB
dist/assets/api-Qa-6rX4_.js                         38.70 kB │ gzip:  15.06 kB
dist/assets/Profile-CxM1yQ7W.js                     42.14 kB │ gzip:  12.33 kB
dist/assets/ProductVariants-CmZQ6Wfu.js             42.21 kB │ gzip:  10.65 kB
dist/assets/Products-BhLsIEdX.js                    43.10 kB │ gzip:  13.26 kB
dist/assets/_plugin-vue_export-helper-Cu9dQNu4.js   62.81 kB │ gzip:  24.78 kB
dist/assets/InteractiveLabs-C6sR4nUQ.js             67.30 kB │ gzip:  22.57 kB
dist/assets/LandingPage-B3QkbrvZ.js                 78.50 kB │ gzip:  26.76 kB
dist/assets/sweetalert2.all-CopbEHU7.js             78.96 kB │ gzip:  20.96 kB
dist/assets/index-DPJcuvIR.js                      177.98 kB │ gzip:  53.42 kB
dist/assets/xlsx-W6HfA00O.js                       421.53 kB │ gzip: 140.59 kB

[32m✓ built in 1.07s[39m
